// Jest Snapshot v1, https://goo.gl/fbAQLP

exports[`should match form component snapshot 1`] = `
<div>
  <label
    for="1"
  >
    label
  </label>
  <input
    aria-label="label"
    checked=""
    id="1"
    name="label"
    type="checkbox"
  />
  <br />
</div>
`;
