// Jest Snapshot v1, https://goo.gl/fbAQLP

exports[`should match form component snapshot 1`] = `
<div>
  <label>
    <select>
      <option />
      <option />
      <option />
    </select>
  </label>
</div>
`;
